// Vitest Snapshot v1, https://vitest.dev/guide/snapshot.html

exports[`renderText > renders a single-session report 1`] = `
"walkaround | post-flight inspection
repo: /home/dev/acme-rocket
sessions: 1 | Claude Code versions observed: 2.0.0 - 2.0.5

session aaaaaaaa | 2025-03-10 09:00 UTC | 6 min | branch main | claude-test-1
  prompts        2 human
  tokens         in 590 | out 710 | cache read 7,400 | cache write 350
  tools          5 calls: Edit x2, Bash x1, Read x1, Write x1
  reads/writes   1 read vs 3 writes
  files touched  3
  top churn      src/thruster.ts x2, tests/thruster.test.ts x1
  lines written  4 source / 5 test
  test runs      1, none failed
  errors         0 tool, 0 api | retry chains: 0
  sidechain      0% of events | mcp: 0 calls
  subagents      none
  skipped        8 known, 0 unknown, 0 malformed

aggregate | 1 session | total agent time 6 min
  prompts        2 human
  tokens         in 590 | out 710 | cache read 7,400 | cache write 350
  tools          5 calls: Edit x2, Bash x1, Read x1, Write x1
  reads/writes   1 read vs 3 writes
  files touched  3 unique
  lines written  4 source / 5 test (0.8:1 source:test)
  test runs      1, none failed
  errors         0 tool, 0 api | retry chains: 0
  mcp calls      0 | sidechain events: 0
  subagents      none
  top churn      src/thruster.ts x2, tests/thruster.test.ts x1

  date        id            duration  prompts  tokens out  tool calls  errors
  2025-03-10  aaaaaaaa         6 min        2         710           5       0
"
`;

exports[`renderText > renders the full multi-session report 1`] = `
"walkaround | post-flight inspection
repo: /home/dev/acme-rocket
sessions: 4 | Claude Code versions observed: 2.0.0 - 2.0.5

session aaaaaaaa | 2025-03-10 09:00 UTC | 6 min | branch main | claude-test-1
  prompts        2 human
  tokens         in 590 | out 710 | cache read 7,400 | cache write 350
  tools          5 calls: Edit x2, Bash x1, Read x1, Write x1
  reads/writes   1 read vs 3 writes
  files touched  3
  top churn      src/thruster.ts x2, tests/thruster.test.ts x1
  lines written  4 source / 5 test
  test runs      1, none failed
  errors         0 tool, 0 api | retry chains: 0
  sidechain      0% of events | mcp: 0 calls
  subagents      none
  skipped        8 known, 0 unknown, 0 malformed

session bbbbbbbb | 2025-03-11 10:00 UTC | 5 s | branch main | claude-test-1
  prompts        1 human
  tokens         in 10 | out 20 | cache read 30 | cache write 40
  tools          0 calls: none
  reads/writes   0 reads vs 0 writes
  files touched  0
  top churn      none
  lines written  0 source / 0 test
  test runs      0
  errors         0 tool, 0 api | retry chains: 0
  sidechain      0% of events | mcp: 0 calls
  subagents      none
  skipped        0 known, 4 unknown, 2 malformed (unknown types: wibble x2, telemetry-blob x1, (missing) x1)

session cccccccc | 2025-03-12 11:00 UTC | 50 s | branch main | claude-test-1
  prompts        1 human
  tokens         in 40 | out 20 | cache read 0 | cache write 0
  tools          4 calls: Edit x3, Bash x1
  reads/writes   0 reads vs 3 writes
  files touched  1
  top churn      src/core.ts x3
  lines written  1 source / 0 test
  test runs      1 (1 failed)
  errors         3 tool, 1 api | retry chains: 1
  sidechain      0% of events | mcp: 0 calls
  subagents      none
  skipped        0 known, 0 unknown, 0 malformed

session dddddddd | 2025-03-13 12:00 UTC | 3 min | branch feature/mcp | claude-test-1
  prompts        1 human
  tokens         in 55 | out 55 | cache read 55 | cache write 55
  tools          5 calls: Bash x2, Agent x1, mcp__rocketdb__query x1, Read x1
  reads/writes   1 read vs 0 writes
  files touched  1
  top churn      none
  lines written  0 source / 0 test
  test runs      0
  errors         0 tool, 0 api | retry chains: 0
  sidechain      23% of events | mcp: 2 calls (rocketdb, telemetry)
  subagents      none
  skipped        0 known, 0 unknown, 0 malformed

aggregate | 4 sessions | total agent time 10 min
  prompts        5 human
  tokens         in 695 | out 805 | cache read 7,485 | cache write 445
  tools          14 calls: Edit x5, Bash x4, Read x2, Agent x1, mcp__rocketdb__query x1, Write x1
  reads/writes   2 reads vs 6 writes
  files touched  5 unique
  lines written  5 source / 5 test (1.0:1 source:test)
  test runs      2 (1 failed)
  errors         3 tool, 1 api | retry chains: 1
  mcp calls      2 | sidechain events: 3
  subagents      none
  top churn      src/core.ts x3, src/thruster.ts x2, tests/thruster.test.ts x1

  date        id            duration  prompts  tokens out  tool calls  errors
  2025-03-10  aaaaaaaa         6 min        2         710           5       0
  2025-03-11  bbbbbbbb           5 s        1          20           0       0
  2025-03-12  cccccccc          50 s        1          20           4       4
  2025-03-13  dddddddd         3 min        1          55           5       0
"
`;

exports[`renderTrend > renders the trend table 1`] = `
"walkaround | trend
repo: /home/dev/acme-rocket
sessions: 4 | Claude Code versions observed: 2.0.0 - 2.0.5

  date        id            duration  prompts  out/prompt  err/100   tests    r/w  subag  top churn
  2025-03-10  aaaaaaaa         6 min        2         355      0.0       1    1/3      0  thruster.ts x2
  2025-03-11  bbbbbbbb           5 s        1          20        -       0    0/0      0  -
  2025-03-12  cccccccc          50 s        1          20    100.0   1(1F)    0/3      0  core.ts x3
  2025-03-13  dddddddd         3 min        1          55      0.0       0    1/0      0  -

  out/prompt: output tokens bought by one human prompt | err/100: failed calls per 100 tool calls
  tests: runs (F = failed runs) | r/w: read vs write calls | subag: subagent transcripts
"
`;
